
> family-quest@0.0.0 build
> tsc -b && vite build

src/components/MissionEditModal.tsx(50,13): error TS2322: Type 'number | null' is not assignable to type 'number | undefined'.
  Type 'null' is not assignable to type 'number | undefined'.
src/pages/parent/MasterDashboard.tsx(90,11): error TS6133: 'childProfiles' is declared but its value is never read.
src/pages/parent/MasterDashboard.tsx(646,17): error TS2322: Type '(title: string, description: string, xpReward: number, fcReward: number, assigneeId?: string, duracaoMinutos?: number, isRecurring?: boolean) => Promise<void>' is not assignable to type '(title: string, desc: string, xp: number, fc: number, assigneeId?: string | undefined, duration?: number | null | undefined, isRecurring?: boolean | undefined) => Promise<void>'.
  Types of parameters 'duracaoMinutos' and 'duration' are incompatible.
    Type 'number | null | undefined' is not assignable to type 'number | undefined'.
      Type 'null' is not assignable to type 'number | undefined'.
